// Jest Snapshot v1, https://goo.gl/fbAQLP

exports[`Example test should pass 1`] = `
<View
  style={
    {
      "alignItems": "center",
      "backgroundColor": "#ffffff",
      "flex": 1,
      "justifyContent": "center",
    }
  }
>
  <View
    style={
      {
        "variants": {
          "variant": {
            "blue": {
              "backgroundColor": "blue",
            },
            "red": {
              "backgroundColor": "red",
            },
          },
        },
        "width": "100%",
      }
    }
  >
    <Text
      style={
        {
          "color": "#000000",
          "fontSize": 20,
          "fontWeight": "bold",
        }
      }
    >
      Hello world
    </Text>
    <View
      accessibilityState={
        {
          "busy": undefined,
          "checked": undefined,
          "disabled": undefined,
          "expanded": undefined,
          "selected": undefined,
        }
      }
      accessibilityValue={
        {
          "max": undefined,
          "min": undefined,
          "now": undefined,
          "text": undefined,
        }
      }
      accessible={true}
      collapsable={false}
      focusable={true}
      href="/explore"
      onBlur={[Function]}
      onClick={[Function]}
      onFocus={[Function]}
      onResponderGrant={[Function]}
      onResponderMove={[Function]}
      onResponderRelease={[Function]}
      onResponderTerminate={[Function]}
      onResponderTerminationRequest={[Function]}
      onStartShouldSetResponder={[Function]}
      role="link"
      style={
        {
          "alignItems": "center",
          "backgroundColor": "#00d2d3",
          "borderRadius": 8,
          "height": 60,
          "justifyContent": "center",
          "padding": 10,
          "width": "100%",
        }
      }
    >
      <Text
        style={
          {
            "color": "#000000",
            "fontSize": 20,
            "fontWeight": "bold",
          }
        }
      >
        Explore
      </Text>
    </View>
    <View
      accessibilityState={
        {
          "busy": undefined,
          "checked": undefined,
          "disabled": undefined,
          "expanded": undefined,
          "selected": undefined,
        }
      }
      accessibilityValue={
        {
          "max": undefined,
          "min": undefined,
          "now": undefined,
          "text": undefined,
        }
      }
      accessible={true}
      collapsable={false}
      focusable={true}
      onBlur={[Function]}
      onClick={[Function]}
      onFocus={[Function]}
      onResponderGrant={[Function]}
      onResponderMove={[Function]}
      onResponderRelease={[Function]}
      onResponderTerminate={[Function]}
      onResponderTerminationRequest={[Function]}
      onStartShouldSetResponder={[Function]}
    >
      <Text
        style={
          {
            "color": "#000000",
            "fontSize": 20,
            "fontWeight": "bold",
          }
        }
      >
        Press me
      </Text>
    </View>
  </View>
</View>
`;
